// Jest Snapshot v1, https://goo.gl/fbAQLP

exports[`renders loader component correctly 1`] = `
<div
  className="loader-wrapper"
>
  <img
    alt="loader"
    src="Wedges-3s-200px.svg"
  />
</div>
`;
